     1                                      section .data
     2                                  ;val1 db 255
     3                                  ; chart dw 256
     4                                  ; lue3 dw -128
     5                                  ; v5 db 10h
     6                                  ;     db 100101B
     7                                  ; beta db 23,23h,0ch
     8                                  ; sdk db "Hello",10
     9                                  ; min dw -32767
    10                                  ; ar dd 12345678h
    11                                  ; valar times 5 db 8
    12                                  ;C dw 37
    13 00000000 FFFF                    F1 dw 65535
    14 00000002 FFFF0000                F2 dd 65535
    15 00000006 0500FBFF                A dw 5,-5
    16                                  ; B dw 21
    17 0000000A 507265737320456E74-     ExitMsg db "Press Enter to Exit",10
    17 00000013 657220746F20457869-
    17 0000001C 740A               
    18                                  lenExit equ $-ExitMsg
    19                                  
    20                                      section .bss
    21 00000000 <res Ah>                InBuf resb 10
    22                                  lenIn equ $-InBuf
    23 0000000A ????????                X resd 1
    24                                  ; alu resw 10
    25                                  ; f1 resb 5
    26                                  
    27                                      section .text
    28                                      global _start
    29                                  
    30                                  _start:
    31                                      ; mov rax,[A] ; загрузить число A в регистр EAX
    32                                      ; add rax,5; сложить EAX и 5, результат в EAX
    33                                      ; sub rax,[B] ; вычесть число B, результат в EAX
    34                                      ; mov [X],rax 
    35                                  
    36 00000000 668B0425[06000000]          mov ax, [A]
    37                                  
    38 00000008 B801000000                  mov rax, 1
    39 0000000D BF01000000                  mov rdi, 1
    40 00000012 48BE-                       mov rsi, ExitMsg
    40 00000014 [0A00000000000000] 
    41 0000001C BA14000000                  mov rdx, lenExit
    42 00000021 0F05                        syscall
    43                                      
    44 00000023 B800000000                  mov rax, 0
    45 00000028 BF00000000                  mov rdi, 0
    46 0000002D 48BE-                       mov rsi, InBuf
    46 0000002F [0000000000000000] 
    47 00000037 BA0A000000                  mov rdx, lenIn
    48 0000003C 0F05                        syscall
    49                                  
    50 0000003E B83C000000                  mov rax, 60
    51 00000043 4831FF                      xor rdi, rdi
    52 00000046 0F05                        syscall
